// Jest Snapshot v1, https://goo.gl/fbAQLP

exports[`test test2 1`] = `
"
/Users/bytedance/dev/zq_configs_sdk_frontend/src/eslint/__tests__/vue/vue.vue
   2:1   error  Insert \`··\`                                                                prettier/prettier
   3:1   error  Replace \`··<p·class="title">{title}·\` with \`····<p·class="title">{title}\`  prettier/prettier
   4:1   error  Insert \`··\`                                                                prettier/prettier
   7:1   error  Delete \`··\`                                                                prettier/prettier
   7:3   error  'onMount' is not defined                                                   no-undef
  13:1   error  Delete \`⏎\`                                                                 prettier/prettier
  17:18  error  Insert \`;\`                                                                 prettier/prettier

✖ 7 problems (7 errors, 0 warnings)
  6 errors and 0 warnings potentially fixable with the \`--fix\` option.

"
`;
